Picked up JAVA_TOOL_OPTIONS: -Xmx6g
srun: Step created for StepId=1757850.1
Picked up JAVA_TOOL_OPTIONS: -Xmx6g
Picked up JAVA_TOOL_OPTIONS: -Xmx6g
srun: Step created for StepId=1757850.3
Picked up JAVA_TOOL_OPTIONS: -Xmx6g
srun: Step created for StepId=1757850.4
Picked up JAVA_TOOL_OPTIONS: -Xmx6g
Picked up JAVA_TOOL_OPTIONS: -Xmx6g
srun: Job 1757850 step creation temporarily disabled, retrying (Requested nodes are busy)
srun: Job 1757850 step creation temporarily disabled, retrying (Requested nodes are busy)
srun: Job 1757850 step creation still disabled, retrying (Requested nodes are busy)
srun: Job 1757850 step creation still disabled, retrying (Requested nodes are busy)
srun: Job 1757850 step creation still disabled, retrying (Requested nodes are busy)
srun: Job 1757850 step creation still disabled, retrying (Requested nodes are busy)
srun: Job 1757850 step creation still disabled, retrying (Requested nodes are busy)
srun: Job 1757850 step creation still disabled, retrying (Requested nodes are busy)
srun: Job 1757850 step creation still disabled, retrying (Requested nodes are busy)
srun: Job 1757850 step creation still disabled, retrying (Requested nodes are busy)
srun: Job 1757850 step creation still disabled, retrying (Requested nodes are busy)
srun: Job 1757850 step creation still disabled, retrying (Requested nodes are busy)
srun: Job 1757850 step creation still disabled, retrying (Requested nodes are busy)
srun: Job 1757850 step creation still disabled, retrying (Requested nodes are busy)
srun: Job 1757850 step creation still disabled, retrying (Requested nodes are busy)
srun: Job 1757850 step creation still disabled, retrying (Requested nodes are busy)
srun: Job 1757850 step creation still disabled, retrying (Requested nodes are busy)
srun: Job 1757850 step creation still disabled, retrying (Requested nodes are busy)
srun: Job 1757850 step creation still disabled, retrying (Requested nodes are busy)
srun: Job 1757850 step creation still disabled, retrying (Requested nodes are busy)
srun: Job 1757850 step creation still disabled, retrying (Requested nodes are busy)
srun: Job 1757850 step creation still disabled, retrying (Requested nodes are busy)
srun: Job 1757850 step creation still disabled, retrying (Requested nodes are busy)
srun: Job 1757850 step creation still disabled, retrying (Requested nodes are busy)
srun: Job 1757850 step creation still disabled, retrying (Requested nodes are busy)
srun: Job 1757850 step creation still disabled, retrying (Requested nodes are busy)
srun: Job 1757850 step creation still disabled, retrying (Requested nodes are busy)
srun: Job 1757850 step creation still disabled, retrying (Requested nodes are busy)
srun: Job 1757850 step creation still disabled, retrying (Requested nodes are busy)
srun: Job 1757850 step creation still disabled, retrying (Requested nodes are busy)
srun: Job 1757850 step creation still disabled, retrying (Requested nodes are busy)
srun: Job 1757850 step creation still disabled, retrying (Requested nodes are busy)
srun: Job 1757850 step creation still disabled, retrying (Requested nodes are busy)
srun: Job 1757850 step creation still disabled, retrying (Requested nodes are busy)
srun: Job 1757850 step creation still disabled, retrying (Requested nodes are busy)
srun: Job 1757850 step creation still disabled, retrying (Requested nodes are busy)
srun: Job 1757850 step creation still disabled, retrying (Requested nodes are busy)
srun: Job 1757850 step creation still disabled, retrying (Requested nodes are busy)
srun: Job 1757850 step creation still disabled, retrying (Requested nodes are busy)
srun: Job 1757850 step creation still disabled, retrying (Requested nodes are busy)
srun: Job 1757850 step creation still disabled, retrying (Requested nodes are busy)
srun: Job 1757850 step creation still disabled, retrying (Requested nodes are busy)
srun: Job 1757850 step creation still disabled, retrying (Requested nodes are busy)
srun: Job 1757850 step creation still disabled, retrying (Requested nodes are busy)
srun: Job 1757850 step creation still disabled, retrying (Requested nodes are busy)
srun: Job 1757850 step creation still disabled, retrying (Requested nodes are busy)
srun: Job 1757850 step creation still disabled, retrying (Requested nodes are busy)
srun: Job 1757850 step creation still disabled, retrying (Requested nodes are busy)
srun: Job 1757850 step creation still disabled, retrying (Requested nodes are busy)
srun: Job 1757850 step creation still disabled, retrying (Requested nodes are busy)
srun: Job 1757850 step creation still disabled, retrying (Requested nodes are busy)
srun: Job 1757850 step creation still disabled, retrying (Requested nodes are busy)
srun: Job 1757850 step creation still disabled, retrying (Requested nodes are busy)
srun: Job 1757850 step creation still disabled, retrying (Requested nodes are busy)
srun: Job 1757850 step creation still disabled, retrying (Requested nodes are busy)
srun: Job 1757850 step creation still disabled, retrying (Requested nodes are busy)
srun: Job 1757850 step creation still disabled, retrying (Requested nodes are busy)
srun: Job 1757850 step creation still disabled, retrying (Requested nodes are busy)
srun: Job 1757850 step creation still disabled, retrying (Requested nodes are busy)
srun: Job 1757850 step creation still disabled, retrying (Requested nodes are busy)
srun: Job 1757850 step creation still disabled, retrying (Requested nodes are busy)
srun: Job 1757850 step creation still disabled, retrying (Requested nodes are busy)
srun: Job 1757850 step creation still disabled, retrying (Requested nodes are busy)
srun: Job 1757850 step creation still disabled, retrying (Requested nodes are busy)
srun: Job 1757850 step creation still disabled, retrying (Requested nodes are busy)
srun: Job 1757850 step creation still disabled, retrying (Requested nodes are busy)
srun: Job 1757850 step creation still disabled, retrying (Requested nodes are busy)
srun: Job 1757850 step creation still disabled, retrying (Requested nodes are busy)
srun: Job 1757850 step creation still disabled, retrying (Requested nodes are busy)
srun: Job 1757850 step creation still disabled, retrying (Requested nodes are busy)
srun: Job 1757850 step creation still disabled, retrying (Requested nodes are busy)
srun: Job 1757850 step creation still disabled, retrying (Requested nodes are busy)
srun: Job 1757850 step creation still disabled, retrying (Requested nodes are busy)
srun: Job 1757850 step creation still disabled, retrying (Requested nodes are busy)
srun: Job 1757850 step creation still disabled, retrying (Requested nodes are busy)
srun: Job 1757850 step creation still disabled, retrying (Requested nodes are busy)
srun: Job 1757850 step creation still disabled, retrying (Requested nodes are busy)
srun: Job 1757850 step creation still disabled, retrying (Requested nodes are busy)
srun: Job 1757850 step creation still disabled, retrying (Requested nodes are busy)
srun: Job 1757850 step creation still disabled, retrying (Requested nodes are busy)
srun: Job 1757850 step creation still disabled, retrying (Requested nodes are busy)
srun: Job 1757850 step creation still disabled, retrying (Requested nodes are busy)
srun: Job 1757850 step creation still disabled, retrying (Requested nodes are busy)
srun: Job 1757850 step creation still disabled, retrying (Requested nodes are busy)
srun: Job 1757850 step creation still disabled, retrying (Requested nodes are busy)
srun: Job 1757850 step creation still disabled, retrying (Requested nodes are busy)
srun: Job 1757850 step creation still disabled, retrying (Requested nodes are busy)
srun: Job 1757850 step creation still disabled, retrying (Requested nodes are busy)
srun: Job 1757850 step creation still disabled, retrying (Requested nodes are busy)
srun: Job 1757850 step creation still disabled, retrying (Requested nodes are busy)
srun: Job 1757850 step creation still disabled, retrying (Requested nodes are busy)
srun: Job 1757850 step creation still disabled, retrying (Requested nodes are busy)
srun: Job 1757850 step creation still disabled, retrying (Requested nodes are busy)
srun: Job 1757850 step creation still disabled, retrying (Requested nodes are busy)
srun: Job 1757850 step creation still disabled, retrying (Requested nodes are busy)
srun: Job 1757850 step creation still disabled, retrying (Requested nodes are busy)
srun: Job 1757850 step creation still disabled, retrying (Requested nodes are busy)
srun: Job 1757850 step creation still disabled, retrying (Requested nodes are busy)
srun: Job 1757850 step creation still disabled, retrying (Requested nodes are busy)
srun: Job 1757850 step creation still disabled, retrying (Requested nodes are busy)
srun: Job 1757850 step creation still disabled, retrying (Requested nodes are busy)
srun: Job 1757850 step creation still disabled, retrying (Requested nodes are busy)
srun: Job 1757850 step creation still disabled, retrying (Requested nodes are busy)
srun: Job 1757850 step creation still disabled, retrying (Requested nodes are busy)
srun: Job 1757850 step creation still disabled, retrying (Requested nodes are busy)
srun: Job 1757850 step creation still disabled, retrying (Requested nodes are busy)
srun: Job 1757850 step creation still disabled, retrying (Requested nodes are busy)
srun: Job 1757850 step creation still disabled, retrying (Requested nodes are busy)
srun: Job 1757850 step creation still disabled, retrying (Requested nodes are busy)
srun: Job 1757850 step creation still disabled, retrying (Requested nodes are busy)
srun: Job 1757850 step creation still disabled, retrying (Requested nodes are busy)
srun: Job 1757850 step creation still disabled, retrying (Requested nodes are busy)
srun: Job 1757850 step creation still disabled, retrying (Requested nodes are busy)
srun: Job 1757850 step creation still disabled, retrying (Requested nodes are busy)
slurmstepd: error: *** STEP 1757850.5 ON rg13602 CANCELLED AT 2025-09-02T17:48:48 DUE TO TIME LIMIT ***
slurmstepd: error: *** JOB 1757850 ON rg13602 CANCELLED AT 2025-09-02T17:48:48 DUE TO TIME LIMIT ***
