/lustre09/project/6032307/arnauddr/MiniCPBP/venv/bin/python
Python 3.11.4
Preload done
Using port 5006
Waiting for server... (0)
Waiting for server... (1)
Waiting for server... (2)
Waiting for server... (3)
Waiting for server... (4)
Waiting for server... (5)
Waiting for server... (6)
Waiting for server... (7)
Waiting for server... (8)
Waiting for server... (9)
Waiting for server... (10)
Waiting for server... (11)
Waiting for server... (12)
Waiting for server... (13)
Waiting for server... (14)
Waiting for server... (15)
Waiting for server... (16)
Waiting for server... (17)
Waiting for server... (18)
Waiting for server... (19)
Waiting for server... (20)
Waiting for server... (21)
Waiting for server... (22)
Waiting for server... (23)
Waiting for server... (24)
Waiting for server... (25)
Waiting for server... (26)
Waiting for server... (27)
Waiting for server... (28)
Waiting for server... (29)
Waiting for server... (30)
Waiting for server... (31)
Waiting for server... (32)
Waiting for server... (33)
Waiting for server... (34)
Waiting for server... (35)
Waiting for server... (36)
Waiting for server... (37)
Waiting for server... (38)
Waiting for server... (39)
Waiting for server... (40)
Waiting for server... (41)
Waiting for server... (42)
Waiting for server... (43)
Waiting for server... (44)
Waiting for server... (45)
Waiting for server... (46)
Waiting for server... (47)
Waiting for server... (48)
Waiting for server... (49)
Waiting for server... (50)
Waiting for server... (51)
Waiting for server... (52)
Waiting for server... (53)
Waiting for server... (54)
Waiting for server... (55)
Waiting for server... (56)
Waiting for server... (57)
Waiting for server... (58)
Waiting for server... (59)
Waiting for server... (60)
Waiting for server... (61)
Waiting for server... (62)
Waiting for server... (63)
Waiting for server... (64)
Waiting for server... (65)
Waiting for server... (66)
Waiting for server... (67)
Waiting for server... (68)
Waiting for server... (69)
Waiting for server... (70)
Waiting for server... (71)
Waiting for server... (72)
Waiting for server... (73)
Waiting for server... (74)
Waiting for server... (75)
Waiting for server... (76)
Waiting for server... (77)
Waiting for server... (78)
Waiting for server... (79)
Waiting for server... (80)
Waiting for server... (81)
Waiting for server... (82)
Waiting for server... (83)
Waiting for server... (84)
Waiting for server... (85)
Waiting for server... (86)
Waiting for server... (87)
Waiting for server... (88)
Waiting for server... (89)
Waiting for server... (90)
Waiting for server... (91)
Waiting for server... (92)
Waiting for server... (93)
Waiting for server... (94)
Waiting for server... (95)
Waiting for server... (96)
Waiting for server... (97)
Waiting for server... (98)
Waiting for server... (99)
Waiting for server... (100)
Waiting for server... (101)
Waiting for server... (102)
Waiting for server... (103)
Waiting for server... (104)
Waiting for server... (105)
Waiting for server... (106)
Waiting for server... (107)
Waiting for server... (108)
Server ready on port 5006
Running CollieSent1 with argument 0.1
Running CollieSent1 with argument 0.4
Running CollieSent1 with argument 0.6
6 Aout
corpusDomains size: 11006
6 Aout
corpusDomains size: 11006
Running CollieSent1 with argument 0.8
Running CollieSent1 with argument 1
6 Aout
corpusDomains size: 11006
6 Aout
corpusDomains size: 11006
6 Aout
corpusDomains size: 11006
Running CollieSent1 with argument 1.2
Running CollieSent1 with argument 1.5
Running CollieSent1 with argument 1.8
6 Aout
corpusDomains size: 11006
